[  0.0000]Inialing cousubsycpset
   0.00000] Initializing cgroup subsys cpu
[    0.000000] Initializing cgroup subsys cpuacct
[    0.000000] Linux version 4.4.0-143-generic (buildd@lgw01-amd64-041) (gcc version 5.4.0 20160609 (Ubuntu 5.4.0-6ubutu1~16.04.10) ) 69-Ubuntu SMP Thu Feb 7 07:56:38 UTC 2019 (Ubuntu 4.4.0-143.169-generric.470)
  0.00000Comanli: BOOIMGE/boovmlinuz-4.4.0-143-generc rot=BEL=cludg-rootfs ro console=tty1 console=ttyS0
[    0.000000] KERNEL supported cpus:
[    0.000000]   Intel GeuiInel
  0.00000]   AMD AuthenticcA
[    0.0000   enurCentrHuls   0.000000] x86/fpu: xstate_offset[2]:  576, xstate_sizes[2]:  256
[    0.000000] x86/fpu: Supporting XSAVE feature 0x01: 'x87 floating point registers'
[    0.000000] x86/fpu: Supporting XSAVE feature 0x02: 'SSE registers'
[    0.000000] x86/fpu: Supporting XSAVE feature 0x04: 'AVX registers'
[    0.000000]x8fpu: Enabled xstat ftures 0x7, context size is 832 bytes, using 'standard' format.
[    0.000000] e820: BIOS-provided physical RAM map:
[    0.000000] BIOS-e820: [mem 0x0000000000000000-0x000000000009fbff] usable
[    0.000000] BIOS82 [memx00000000c00-x000000009ffff] reseve
[    0.000000] BIOS-e820: [mem 0x00000000000f0000-0x00000000000fffff] reserved
[    0.000000] BIOS-e820: [mem 0x0000000000100000-0x000000003ffeffff] usable
[    0.000000] BIOS-e820: [mem 0x000000003fff0000-0x000000003fffffff] ACPI data
[    0.000000] BIOS-e820: [mem 0x00000000fec00000-0x00000000fec00fff] reserved
[  0.000000] BIOS-e820: [mem 0x00000000fee0000-0x00000000fee00fff] reserved
[    0.000000] BIOS-e820: [mem 0x00000000fffc0000-0x00000ffffff rerved
[    0.000000] NX (Execute Disable) protection: active
[    0.000000] SMBIOS 2.5 present.
[    0.000000] Hypervisor detected: KVM
[    0.000000] e820: last_pfn = 0x3fff0 max_arch_pfn = 0x400000000
[    0.000000] MTRR: Disabled
[    0.000000] x86/PAT: MTRRs disabled, skipping PAT initialization too.
[    0.000000] CPU MTRRs all blank - virtualized system.
[    0.000000] x86/PAT: Configuration [0-7]: WB  WT  UC- UC  WB  WT  UC- UC  
[    0.000000] found SP MP-table at [mem 0x0009fff0-0x0009ffff] mapped at [ffff88009fff]    0.000000] Scanning 1 areas for low memory corruption
[    0.000000] MDK: [m 36300000-0x17fff]
  0.00000ACI: Eay ableheksum verfitiondibled
[   0000] AI:RSP 0x0000000000E0000 0002 (v02 BO )
  0.0000 API: XT x0000003FFF00300003C (v01 VBOX   VBOXXSDT 0000001 ASL  00000061)
[    0.000000] ACPI: FACP 0x000000003FFF00F0 0000F4 (v04 VBOX   VBOXFACP 00000001 ASL  00000061)
[    0.000000] ACPI: DSDT 0x000000003FFF0470 0021FF (v02 VBOX   VBOXBIOS 00000002 INTL 20100528)
[    0.000000] ACPI: FACS 0x000000003FFF0200 000040
[    0.000000] ACPI: FACS 0x000000003FFF0200 000040
[    0.000000] ACPI: APIC 0x000000003FFF0240 00005C (v02 VBOX   VBOXAPIC 00000001 ASL  00000061)
[    0.000000] ACPI: SSDT 0x000000003FFF02A0 0001CC (v01 VBOX   VBOXCPUT 00000002 INTL 20100528)
[    0.000000] No NUMA configuration found
[    0.000000] Faking a node at [mem 0x0000000000000000-0x000000003ffeffff]
[    0.000000] NODE_DATA(0) allocated [mem 0x3ffeb000-0x3ffeffff]
[    0.000000] kvm-clock: Using msrs 4b564d01 and 4b564d00
[    0.000000] kvm-clock: cpu 0, msr 0:3ffe3001, primary cpu clock
[  0.0000]kvm-cckusingchd offetf 62430 cyces[   .0000] cocksoce: kvm-clock: mk:xfffffffffff m_cycle 01c42e4db,ax_id_n: 8815905483 s
  0.00000] Zone ranges:
[    00000] DM     memx0000000000000x0000000ffff]
[  0.000   DMA2  [em 00000000000-0x00003ffff
[  0.0000  ormal  empty
  0.00000]  vice  mpy
[  000000]Movabe zone start for each node
[    0.000000] Early memory node ranges
[    0.000000]   node   0: [mem 0x0000000000001000-0x000000000009efff]
[    0.000000]   node   0: [mem 0x0000000000100000-0x000000003ffeffff]
[   .000000] Initmem setup node 0 [mem 0x0000000000001000-0x000000003ffeffff]
[    0.000000] ACPI: PM-Timer IO Port: 0x4008
[    0.000000] IOAPIC[0]: apic_id 2, versin 32 ares 0xc0000, G 023
[  0.0000] ACPI: INT_SRC_OVR (bus 0 bus_irq 0 global_irq 2 dfl dfl)
[    0.000000] ACPI:NT_SRC_OVR (bu0 buir 9 glol_rq 9 low level)
[  0.000000 Using ACPI (MADT) for SMP configuration information
[    0.000000] smpbot Allowing 2 CPUs, 0 tpg CPUs[   0.000000PMRegisrenosa mory: em0x0000-0x000ff]
[   .0000] : egistednose mory: [m 0009f0-0x0009ffff]
[    0.000000] PM: Registered nosave memory: [mem 0x000a0000-0x000effff]
[    0.000000] PM: Registered nosave memory: [mem 0x000f0000-0x000fffff]
[    0.000000] e820: [mem 0x40000000-0xfebfffff] available for PCI devices
[    0.000000] Booting paravirtualized kernel on KVM
[    0.000000] clocksource: refined-jiffies: mask: 0xffffffff max_cycles: 0xffffffff, max_idle_ns: 7645519600211568 ns
[    0.000000] setup_percpu: NR_CPUS:512 nr_cpumask_bits:512 nr_cpu_ids:2 nr_node_ids:1
[    0.000000] PERCPU: Embedded 34 pages/cpu @ffff88003fc00000 s99480 r8192 d31592 u1048576
[    0.000000] Built 1 zonelists in Node order, mobility grouping on.  Total pages: 257912
[    0.000000] Policy zone: DMA32
[    0.000000] Kernel command line: BOOT_IMAGE=/boot/vmlinuz-4.4.0-143-generic root=LABEL=cloudimg-rootfs ro console=tty1 console=ttyS0
[    0.000000] PID hash table entries: 4096 (order: 3, 32768 bytes)
[    0.000000] Memory: 997716K/1048120K available (8608K kernel code, 1332K rwdata, 4008K rodata, 1484K init, 1316K bss, 50404K reserved, 0K cma-reserved)
[    0.000000] SLUB Hlign=6 Oer=03,inObjects=0, CPUs=2, Nodes=1
[    0.000000] Kernel/User page tables isolation: enabled
[    0.000000] Hierarchical RCU implementation.
[    0.000000] 	Build-time adjustment of leaf fanout to 64.
[    0.000000] 	RCU restricting CPUs fro NCPS=512 to nr_cpu_i=2
[  0.00000 R: djustig omety r cu_fautleaf=, _cpu_ids=2
[    0.000000] NRIR:33024 nr_irqs:440 16
[    0.000000]Cool: colr GA+ 805[    00000 csol [ty1]naed
[    0000] console [ttyS0] enabled
[   0.000000] tsc: Detected 3600.002 MHz processor
[    7.265278] Calibrating delay loop (skipped) preset ale.. 7200.00 BogoMIPS (lpj=14400008)
[    7.303966] pid_max: default: 32768 minimum: 301
[    7.325016] ACPI: Core revision 20150930
[    7.401096] ACPI: 2 ACPI AML tables successfully acquired and loaded
[    7.459566] Security Framework initialized
[    7.507750] Yama: becoming mindful.
[    7.536908] AppArmor: AppArmor initialized
[    7.596765] Dentry cache hash table entries: 131072 (order: 8, 1048576 bytes)
[    7.643188] Inode-cache hash table entries: 65536 (order: 7, 524288 bytes)
[    7.680919] Mount-cache hash table entries: 2048 (order: 2, 16384 bytes)
[    7.774404] Mountpoint-cache hash table entries: 2048 (order: 2, 16384 bytes)
[    7.837409] Initializing cgroup subsys io
[    7.859583] Initializing cgroup subsys memory
[    7.927644] Initializing cgroup subsys devices
[    8.001637] Initializing cgroup subsys freezer
[    8.022302] Initializing cgroup subsys net_cls
[    8.081328] Initializing cgroup subsys perf_event
[    8.132994] Initializing cgroup subsys net_prio
[    8.134094] Initializing cgroup subsys hugetlb
[    8.135180] Initializing cgroup subsys pids
[    8.193418] mce: CPU supports 0 MCE banks
[    8.201768] Last level iTLB entries: 4KB 64, 2MB 8, 4MB 8
[    8.203022] Last level dTLB entries: 4KB 64, 2MB 0, 4MB 0, 1GB 4
[    8.204390] Spectre V2 : Mitigation: Full generic retpoline
[    8.237048] Spectre V2 : Spectre v2 / SpectreRSB mitigation: Filling RSB on context switch
[    8.238988] Speculative Store Bypass: Vulnerable
[    8.249030] Freeing SMP alternatives memory: 32K
[    8.268934] ftrace: allocating 32278 entries in 127 pages
[    8.320499] smpboot: APIC(0) Converting physical 0 to logical package 0
[    8.385323] smpboot: Max logical packages: 1
[    8.386705] x2apic enabled
[    8.387875] Switched APIC routing to physical x2apic.
[    8.406113] ..TIMER: vector=0x30 apic1=0 pin1=2 apic2=-1 pin2=-1
[  8.532231] smpboot: CPU0: Intel(R) Core(TM) i7-7700 CPU @ 3.60GHz (family: 0x6, model: 0x9e, stepping: 0x9)
[    8.618704] Performance Events: unsupported p6 CPU model 158 no PMU driver, software events only.
[    8.629531] KVM setup paravirtual spinlock
[    8.631172] x86: Booting SMP configuration:
[    8.639147] .... node  #0, CPUs:      #1
[    8.660306] kvm-clock: cpu 1, msr 0:3ffe3041, secondary cpu clock
[    8.681153] mce: CPU supports 0 MCE banks
[    8.687671] x86: Booted up 1 node, 2 CPUs
[    8.688931] smpboot: Total of 2 processors activated (14400.00 BogoMIPS)
[    8.701988] devtmpfs: initialized
[    8.739784] evm: security.selinux
[    8.792113] evm: security.SMACK64
[    8.829631] evm: security.SMACK64EXEC
[    8.837017] evm: security.SMACK64TRANSMUTE
[    8.872626] evm: security.SMACK64MMAP
[    8.912672] evm: security.ima
[    8.956101] evm: security.capability
[    8.957328] clocksource: jiffies: mask: 0xffffffff max_cycles: 0xffffffff, max_idle_ns: 7645041785100000 ns
[    8.985738] futex hash table entries: 512 (order: 3, 32768 bytes)
[    9.077654] pinctrl core: initialized pinctrl subsystem
[    9.120840] RTC time: 10:22:20, date: 03/21/19
[    9.156263] NET: Registered protocol family 16
[    9.169380] cpuidle: using governor ladder
[    9.197702] cpuidle: using governor menu
[    9.291190] PCCT header not found.
[    9.366824] ACPI: bus type PCI registered
[    9.411902] acpiphp: ACPI Hot Plug PCI Controller Driver version: 0.5
[    9.413557] PCI: Using configuration type 1 for base access
[    9.427072] ACPI: Added _OSI(Module Device)
[    9.444927] ACPI: Added _OSI(Processor Device)
[    9.446024] ACPI: Added _OSI(3.0 _SCP Extensions)
[    9.447116] ACPI: Added _OSI(Processor Aggregator Device)
[    9.460666] ACPI: Executed 1 blocks of module-level executable AML code
[    9.562180] ACPI: Interpreter enabled
[    9.592354] ACPI: (supports S0 S5)
[    9.629388] ACPI: Using IOAPIC for interrupt routing
[    9.675489] PCI: Using host bridge windows from ACPI; if necessary, use "pci=nocrs" and report a bug
[    9.771570] ACPI: PCI Root Bridge [PCI0] (domain 0000 [bus 00-ff])
[    9.848030] acpi PNP0A03:00: _OSC: OS supports [ASPM ClockPM Segments MSI]
[    9.873473] acpi PNP0A03:00: _OSC: not requesting OS control; OS requires [ExtendedConfig ASPM ClockPM MSI]
[    9.963705] acpi PNP0A03:00: fail to add MMCONFIG information, can't access extended PCI configuration space under this bridge.
[   10.181632] PCI host bridge to bus 0000:00
[   10.254119] pci_bus 0000:00: root bus resource [io  0x0000-0x0cf7 window]
[   10.409380] pci_bus 0000:00: root bus resource [io  0x0d00-0xffff window]
[   10.435200] pci_bus 0000:00: root bus resource [mem 0x000a0000-0x000bffff window]
[   10.487765] pci_bus 0000:00: root bus resource [mem 0x40000000-0xfdffffff window]
[   10.489757] pci_bus 0000:00: root bus resource [bus 00-ff]
[   10.492684] pci 0000:00:01.1: legacy IDE quirk: reg 0x10: [io  0x01f0-0x01f7]
[   10.494334] pci 0000:00:01.1: legacy IDE quirk: reg 0x14: [io  0x03f6]
[   10.495944] pci 0000:00:01.1: legacy IDE quirk: reg 0x18: [io  0x0170-0x0177]
[   10.497563] pci 0000:00:01.1: legacy IDE quirk: reg 0x1c: [io  0x0376]
[   10.510899] pci 0000:00:07.0: quirk: [io  0x4000-0x403f] claimed by PIIX4 ACPI
[   10.523702] pci 0000:00:07.0: quirk: [io  0x4100-0x410f] claimed by PIIX4 SMB
[   10.544415] ACPI: PCI Interrupt Link [LNKA] (IRQs 5 9 10 *11)
[   10.563334] ACPI: PCI Interrupt Link [LNKB] (IRQs 5 9 *10 11)
[   10.612596] ACPI: PCI Interrupt Link [LNKC] (IRQs 5 *9 10 11)
[   10.647327] ACPI: PCI Interrupt Link [LNKD] (IRQs 5 9 10 *11)
[   10.713421] ACPI: Enabled 2 GPEs in block 00 to 07
[   10.750424] vgaarb: setting as boot device: PCI:0000:00:02.0
[   10.766852] vgaarb: device added: PCI:0000:00:02.0,decodes=io+mem,owns=io+mem,locks=none
[   10.768895] vgaarb: loaded
[   10.769699] vgaarb: bridge control possible 0000:00:02.0
[   10.771194] SCSI subsystem initialized
[   10.786616] ACPI: bus type USB registered
[   10.824438] usbcore: registered new interface driver usbfs
[   10.848728] usbcore: registered new interface driver hub
[   10.876125] usbcore: registered new device driver usb
[   10.880064] PCI: Using ACPI for IRQ routing
[   10.909416] NetLabel: Initializing
[   10.941923] NetLabel:  domain hash size = 128
[   11.005234] NetLabel:  protocols = UNLABELED CIPSOv4
[   11.018399] NetLabel:  unlabeled traffic allowed by default
[   11.019851] amd_nb: Cannot enumerate AMD northbridges
[   11.070538] clocksource: Switched to clocksource kvm-clock
[   11.128762] AppArmor: AppArmor Filesystem Enbl
  1.397] np: P PIni
[ 11.555610] pn Pn ACPIfod dece

[   11.911654] clocksource: acpi_pm: mask: 0xffffff max_cycles: 0xffffff, max_idle_ns: 2085701024 ns
[   12.082945] NET: Registered protocol family 2
[   12.089983] TCP established hash table entries: 8192 (order: 4, 65536 bytes)
[   12.091751] TCP bind hash table entries: 8192 (order: 5, 131072 bytes)
[   12.094914] TCP: Hash tables configured (established 8192 bind 8192)
[   12.097028] UDP hash table entries: 512 (order: 2, 16384 bytes)
[   12.098454] UDP-Lite hash table entries: 512 (order: 2, 16384 bytes)
[   12.099937] NET: Registered protocol family 1
[   12.101101] pci 0000:00:00.0: Limiting direct PCI/PCI transfers
[   12.102488] pci 0000:00:01.0: Activating ISA DMA hang workarounds
[   12.104123] Unpacking initramfs...
[   12.309123] Freeing initrd memory: 14816K
[   12.324731] platform rtc_cmos: registered platform RTC device (no PNP device found)
[   12.373276] Scanning for low memory corruption every 60 seconds
[   12.394718] audit: initializing netlink subsys (disabled)
[   12.396041] audit: type=2000 audit(1553163739.146:1): initialized
[   12.404209] Initialise system trusted keyring
[   12.405432] HugeTLB registered 2 MB page size, pre-allocated 0 pages
[   12.427046] zbud: loaded
[   12.428148] VFS: Disk quotas dquot_6.6.0
[   12.429201] VFS: Dquot-cache hash table entries: 512 (order 0, 4096 bytes)
[   12.450274] squashfs: version 4.0 (2009/01/31) Phillip Lougher
[   12.462449] fuse init (API version 7.23)
[   12.519442] Key type big_key registered
[   12.520472] Allocating IMA MOK and blacklist keyrings.
[   12.523769] Key type asymmetric registered
[   12.524849] Asymmetric key parser 'x509' registered
[   12.526111] Block layer SCSI generic (bsg) driver version 0.4 loaded (major 249)
[   12.528187] io scheduler noop registered
[   12.545188] io scheduler deadline registered (default)
[   12.546534] io scheduler cfq registered
[   12.547687] pci_hotplug: PCI Hot Plug PCI Core version: 0.5
[   12.548985] pciehp: PCI Express Hot Plug Controller Driver version: 0.4
[   12.550628] ACPI: AC Adapter [AC] (on-line)
[   12.551882] input: Power Button as /devices/LNXSYSTM:00/LNXPWRBN:00/input/input0
[   12.553776] ACPI: Power Button [PWRF]
[   12.554819] input: Sleep Button as /devices/LNXSYSTM:00/LNXSLPBN:00/input/input1
[   12.556769] ACPI: Sleep Button [SLPF]
[   12.571703] GHES: HEST is not enabled!
[   12.592276] Serial: 8250/16550 driver, 32 ports, IRQ sharing enabled
[   12.615969] 00:02: ttyS0 at I/O 0x3f8 (irq = 4, base_baud = 115200) is a 16550A
[   12.618871] Linux agpgart interface v0.103
[   12.624176] loop: module loaded
[   12.640602] scsi host0: ata_piix
[   12.652344] scsi host1: ata_piix
[   12.674682] ata1: PATA max UDMA/33 cmd 0x1f0 ctl 0x3f6 bmdma 0xd000 irq 14
[   12.683731] ata2: PATA max UDMA/33 cmd 0x170 ctl 0x376 bmdma 0xd008 irq 15
[   12.685422] libphy: Fixed MDIO Bus: probed
[   12.686470] tun: Universal TUN/TAP device driver, 1.6
[   12.687723] tun: (C) 1999-2004 Max Krasnyansky <maxk@qualcomm.com>
[   12.689192] PPP generic driver version 2.4.2
[   12.690451] ehci_hcd: USB 2.0 'Enhanced' Host Controller (EHCI) Driver
[   12.700725] ehci-pci: EHCI PCI platform driver
[   12.702002] ehci-platform: EHCI generic platform driver
[   12.703395] ohci_hcd: USB 1.1 'Open' Host Controller (OHCI) Driver
[   12.704957] ohci-pci: OHCI PCI platform driver
[   12.749114] ohci-platform: OHCI generic platform driver
[   12.796218] uhci_hcd: USB Universal Host Controller Interface driver
[   12.840352] i8042: PNP: PS/2 Controller [PNP0303:PS2K,PNP0f03:PS2M] at 0x60,0x64 irq 1,12
[   12.860033] serio: i8042 KBD port at 0x60,0x64 irq 1
[   12.869093] serio: i8042 AUX port at 0x60,0x64 irq 12
[   12.886795] mousedev: PS/2 mouse device common for all mice
[   12.888594] rtc_cmos rtc_cmos: rtc core: registered rtc_cmos as rtc0
[   12.943261] rtc_cmos rtc_cmos: alarms up to one day, 114 bytes nvram
[   12.951745] i2c /dev entries driver
[   12.974290] input: AT Translated Set 2 keyboard as /devices/platform/i8042/serio0/input/input2
[   .948 dice-mapper: uevent: veron.0
[   13.300382] device-mapper: ioctl: 4.34.0-ioctl (2015-10-28) initialised: dm-devel@redhat.com
[   13.303855] ledtrig-cpu: registered to indicate activity on CPUs
[   13.319895] NET: Registered protocol family 10
[   13.344012] tsc: Refined TSC clocksource calibration: 3600.532 MHz
[   13.345535] clocksource: tsc: mask: 0xffffffffffffffff max_cycles: 0x33e649fabac, max_idle_ns: 440795276816 ns
[   13.348556] NET: Registered protocol family 17
[   13.371771] Key type dns_resolver registered
[   13.404133] registered taskstats version 1
[   13.434020] Loading compiled-in X.509 certificates
[   13.458403] Loaded X.509 cert 'Build time autogenerated kernel key: d03773f65dd2b75b701d4dd50cb1e8d0c07b3b6e'
[   13.496745] zswap: loaded using pool lzo/zbud
[   13.533508] Key type trusted registered
[   13.575294] Key type encrypted registered
[   13.601617] AppArmor: AppArmor sha1 policy hashing enabled
[   13.610305] ima: No TPM chip found, activating TPM-bypass!
[   13.622478] ima: Allocated hash algorithm: sha1
[   13.639675] evm: HMAC attrs: 0x1
[   13.640996]   Magic number: 11:441:376
[   13.642090] rtc_cmos rtc_cmos: setting system clock to 2019-03-21 10:22:25 UTC (1553163745)
[   13.644429] BIOS EDD facility v0.16 2004-Jun-25, 0 devices found
[   13.677219] EDD information not available.
[   13.687306] Freeing unused kernel memory: 1484K
[   13.698996] Write protecting the kernel read-only data: 14336k
[   13.703375] Freeing unused kernel memory: 1620K
[   13.717115] Freeing unused kernel memory: 88K
Loading, please wait...
starting version 229
[   13.757229] random: systemd-udevd: uninitialized urandom read (16 bytes read, 5 bits of entropy available)
[   13.757832] random: udevadm: uninitialized urandom read (16 bytes read, 5 bits of entropy available)
[   13.757850] random: udevadm: uninitialized urandom read (16 bytes read, 5 bits of entropy available)
[   13.764957] random: udevadm: uninitialized urandom read (16 bytes read, 5 bits of entropy available)
[   13.764990] random: udevadm: uninitialized urandom read (16 bytes read, 5 bits of entropy available)
[   13.765104] random: udevadm: uninitialized urandom read (16 bytes read, 5 bits of entropy available)
[   13.765145] random: udevadm: uninitialized urandom read (16 bytes read, 5 bits of entropy available)
[   13.765204] random: udevadm: uninitialized urandom read (16 bytes read, 5 bits of entropy available)
[   13.765252] random: udevadm: uninitialized urandom read (16 bytes read, 5 bits of entropy available)
[   13.765289] random: udevadm: uninitialized urandom read (16 bytes read, 5 bits of entropy available)
[   14.183798] e1000: Intel(R) PRO/1000 Network Driver - version 7.3.21-k8-NAPI
[   14.185459] e1000: Copyright (c) 1999-2006 Intel Corporation.
[   14.187007] Fusion MPT base driver 3.04.20
[   14.188082] Copyright (c) 1999-2008 LSI Corporation
[   14.194910] Fusion MPT SPI Host driver 3.04.20
[   14.268919] AVX2 version of gcm_enc/dec engaged.
[   14.346626] AES CTR mode by8 optimization enabled
[   14.391875] input: ImExPS/2 Generic Explorer Mouse as /devices/platform/i8042/serio1/input/input4
[   14.696368] e1000 0000:00:03.0 eth0: (PCI:33MHz:32-bit) 02:23:9c:1d:6d:2d
[   14.823610] e1000 0000:00:03.0 eth0: Intel(R) PRO/1000 Network Connection
[   14.851426] mptbase: ioc0: Initiating bringup
[   14.935959] ioc0: LSI53C1030 A0: Capabilities={Initiator}
[   15.182970] scsi host2: ioc0: LSI53C1030 A0, FwRev=00000000h, Ports=1, MaxQ=256, IRQ=20
[   15.447975] scsi 2:0:0:0: Direct-Access     VBOX     HARDDISK         1.0  PQ: 0 ANSI: 5
[   17.021712] scsi target2:0:0: Beginning Domain Validation
[   17.065389] scsi target2:0:0: Domain Validation skipping write tests
[   17.072964] scsi target2:0:0: Ending Domain Validation
[   17.080113] scsi target2:0:0: asynchronous
[   17.114667] scsi 2:0:1:0: Direct-Access     VBOX     HARDDISK         1.0  PQ: 0 ANSI: 5
[   17.116895] scsi target2:0:1: Beginning Domain Validation
[   17.143381] scsi target2:0:1: Domain Validation skipping write tests
[   17.146273] scsi target2:0:1: Ending Domain Validation
[   17.177300] scsi target2:0:1: asynchronous
[   17.187367] sd 2:0:0:0: Attached scsi generic sg0 type 0
[   17.189031] sd 2:0:0:0: [sda] 20971520 512-byte logical blocks: (10.7 GB/10.0 GiB)
[   17.191885] sd 2:0:1:0: Attached scsi generic sg1 type 0
[   17.237013] sd 2:0:1:0: [sdb] 20480 512-byte logical blocks: (10.5 MB/10.0 MiB)
[   17.251805] sd 2:0:0:0: [sda] Write Protect is off
[   17.294621] sd 2:0:0:0: [sda] Incomplete mode parameter data
[   17.302763] sd 2:0:0:0: [sda] Assuming drive cache: write through
[   17.314220] sd 2:0:1:0: [sdb] Write Protect is off
[   17.317204] sd 2:0:1:0: [sdb] Incomplete mode parameter data
[   17.375718] sd 2:0:1:0: [sdb] Assuming drive cache: write through
[   17.379244]  sda: sda1
[   17.381343] sd 2:0:0:0: [sda] Attached SCSI disk
[   17.381712] sd 2:0:1:0: [sdb] Attached SCSI disk
[   17.428511] e1000 0000:00:08.0 eth1: (PCI:33MHz:32-bit) 08:00:27:f7:0d:db
[   17.582609] e1000 0000:00:08.0 eth1: Intel(R) PRO/1000 Network Connection
[   17.657270] e1000 0000:00:03.0 enp0s3: renamed from eth0
[   17.718030] e1000 0000:00:08.0 enp0s8: renamed from eth1
Begin: Loading e[   20.015920] md: linear personality registered for level -1
ssential drivers[   20.118428] md: multipath personality registered for level -4
 ... [   20.208372] md: raid0 personality registered for level 0
[   20.260382] md: raid1 personality registered for level 1
[   20.338831] raid6: sse2x1   gen() 12288 MB/s
[   20.418842] raid6: sse2x1   xor()  9148 MB/s
[   20.526653] raid6: sse2x2   gen() 16535 MB/s
[   20.682819] raid6: sse2x2   xor() 11371 MB/s
[   20.810683] raid6: sse2x4   gen() 19047 MB/s
[   20.982936] raid6: sse2x4   xor() 12517 MB/s
[   21.063002] raid6: avx2x1   gen() 27119 MB/s
[   21.226936] raid6: avx2x2   gen() 30730 MB/s
[   21.350969] raid6: avx2x4   gen() 33741 MB/s
[   21.355619] raid6: using algorithm avx2x4 gen() 33741 MB/s
[   21.419832] raid6: using avx2x2 recovery algorithm
[   21.422125] xor: automatically using best checksumming function:
[   21.462604]    avx       : 27992.000 MB/sec
[   21.464885] async_tx: api initialized (async)
[   21.556188] md: raid6 personality registered for level 6
[   21.592957] md: raid5 personality registered for level 5
[   21.607996] md: raid4 personality registered for level 4
[   21.623147] md: raid10 personality registered for level 10
done.
Begin: Running /scripts/init-premount ... done.
Begin: Mounting root file system ... Begin: Running /scripts/local-top ... done.
Begin: Ru[   21.654380] Btrfs loaded
nning /scripts/local-premount ... Scanning for Btrfs filesystems
done.
Warning: fsck not present, so sk[   21.774141] EXT4-fs (sda1): mounted filesystem with ordered data mode. Opts: (null)
ipping root file system
done.
Begin: Running /scripts/local-bottom ... done.
Begin: Running /scripts/init-bottom ... done.
[   22.472660] random: nonblocking pool is initialized
[   22.567122] systemd[1]: systemd 229 running in system mode. (+PAM +AUDIT +SELINUX +IMA +APPARMOR +SMACK +SYSVINIT +UTMP +LIBCRYPTSETUP +GCRYPT +GNUTLS +ACL +XZ -LZ4 +SECCOMP +BLKID +ELFUTILS +KMOD -IDN)
[   22.705033] systemd[1]: Detected virtualization oracle.
[   22.706398] systemd[1]: Detected architecture x86-64.

Welcome to [1mUbuntu 16.04.6 LTS[0m!

[   22.787690] systemd[1]: Set hostname to <ubuntu>.
[   22.892515] systemd[1]: Initializing machine ID from random generator.
[   22.894079] systemd[1]: Installed transient /etc/machine-id file.
[   23.471130] systemd[1]: Listening on Journal Socket.
[[0;32m  OK  [0m] Listening on Journal Socket.
[   23.522764] systemd[1]: Listening on LVM2 metadata daemon socket.
[[0;32m  OK  [0m] Listening on LVM2 metadata daemon socket.
[   23.598987] systemd[1]: Listening on udev Control Socket.
[[0;32m  OK  [0m] Listening on udev Control Socket.
[   23.803463] systemd[1]: Listening on Journal Socket (/dev/log).
[[0;32m  OK  [0m] Listening on Journal Socket (/dev/log).
[   23.907564] systemd[1]: Reached target Encrypted Volumes.
[[0;32m  OK  [0m] Reached target Encrypted Volumes.
[   24.099193] systemd[1]: Started Forward Password Requests to Wall Directory Watch.
[[0;32m  OK  [0m] Started Forward Password Requests to Wall Directory Watch.
[   24.395351] systemd[1]: Listening on LVM2 poll daemon socket.
[[0;32m  OK  [0m] Listening on LVM2 poll daemon socket.
[   24.450453] systemd[1]: Reached target Swap.
[[0;32m  OK  [0m] Reached target Swap.
[   24.499638] systemd[1]: Created slice System Slice.
[[0;32m  OK  [0m] Created slice System Slice.
[   24.619324] systemd[1]: Starting Uncomplicated firewall...
         Starting Uncomplicated firewall...
[   24.654621] systemd[1]: Mounting POSIX Message Queue File System...
         Mounting POSIX Message Queue File System...
[   24.676206] systemd[1]: Starting Nameserver information manager...
         Starting Nameserver information manager...
[   24.743619] systemd[1]: Starting Load Kernel Modules...
[   .807 Ldi iSIrapo css2.-870.
         Starting Load Kernel Mo[   25.397927] iscsi: registered transport (tcp)
dules...
[   25.675317] systemd[1]: Listening on Journal Audit Socket.
[[0;32m  OK  [0m] Listening on Journal Audit Socket.
[   25.678007] systemd[1]: Listening on Device-mapper event daemon FIFOs.
[[0;32m  OK  [0m] Listening on Device-mapper event daemon FIFOs.
[   25.694907] systemd[1]: Starting Monitoring of LVM2 mirrors, snapshots etc. using dmeventd or progress polling...
         Starting Monitoring of LVM2 mirrors... dmeventd or progress polling...
[   25.782797] systemd[1]: Mounting Huge Pages File System...
         Mounting Huge Pages File System...
[   25.828886] systemd[1]: Set up automount Arbitrary Executable File Formats File System Automount Point.
[[0;32m  OK  [0[   25.856194] iscsi: registered transport (iser)
m] Set up automount Arbitrary Executab...ats File System Automount Point.
[   25.911831] systemd[1]: Starting Create list of required static device nodes for the current kernel...
         Starting Create list of required st... nodes for the current kernel...
[ 25752]ysmd]:isteningon /dev/inictCoatily me Pipe

[[0;32m  OK  [0m] Listening on /dev/initctl Compatibility Named Pipe.
[   26.886920] systemd[1]: Mounting Debug File System...
         Mounting Debug File System...
[ 27314]ysmd[1]: Created slice system-serial\x2getty.slice.
[[0;32m  OK  [0m] Created slice system-serial\x2dgetty.slice.
[   27.405371] systemd[1]: Reached target SteTie Syhriz.
[[0;32m  OK  [0m] Reached target System Time Synchronized.
[   27.710671] systemd[1]: Created slice User and Session Slice.
[[0;32m  OK  [0m] Created slice User and Session Slice.
[  27.828335] syste[1: ard igr soco udae fo netrkd DN.
[[0;32m  OK  [0m] Started Trigger resolvconf update for networkd DNS.
[   28.482597] systemd[1]: Reached trget User and Group Name Lookups.

[[0;32m  OK  [0m] Reached target User and Group Name Lookups.
[  25455 systemd[1]: Liteng  uv rn Ske
[[0;32m  OK  [0m] Listening on udev Kernel Socket.
[   29.143071] systemd[1]: Starting Remount Root and Kernel File Systems...
         [   29.167999] EXT4-fs (sda1): re-mounted. Opts: (null)
Starting Remount Root and Kernel File Systems...
[   29.308157] systemd[1]: Reachetaetlis.
[[0;32m  OK  [0m] Reached target Slices.
[   .651 ste[1 Ltengn slg ck.
[[0;32m  OK  [0m] Listening on Syslog Socket.
[   30.403882] systemd[1]: Starting Journal Service...
         Starting Journal Service...
[   30.543840] systemd[1]: Starting Set console keymap...
         Starting Set console keymap...
[   30.635775] systemd[1]: Mounted Debug File System.
[[0;32m  OK  [0m] Mounted Debug File System.
[   30.643286] systemd[1]: Mounted Huge Pages File System.
[[0;32m  OK  [0m] Mounted Huge Pages File System.
[   30.699651 stemd[1]: MntedOS Meag Queue File System.
[[0;32m  OK  [0m] Mounted POSIX Message Queue File System.
[   31.044223] systemd[1]: Started Journal Service.
[[0;32m  OK  [0m] Started Journal Service.
[[0;32m  OK  [0m] Started Uncomplicated firewall.
[[0;32m  OK  [0m] Started Load Kernel Modules.
[[0;32m  OK  [0m] Started Create list of required sta...ce nodes for the current kernel.
[[0;32m  OK  [0m] Started Remount Root and Kernel File Systems.
[[0;32m  OK  [0m] Started Set console keymap.
[[0;32m  OK  [0m] Started Nameserver information manager.
[[0;32m  OK  [0m] Started LVM2 metadata daemon.
         Starting Load/Save Random Seed...
         Starting udev Coldplug all Devices...
         Starting Create Static Device Nodes in /dev...
         Starting Apply Kernel Variables...
         Mounting FUSE Control File System...
         Starting Flush Journal to Persistent Storage...
[[0;32m  OK  [0m] Mounted FUSE Control File System.
[[0;32m  OK  [0m] Started Monitoring of LVM2 mirrors,...ng dmeventd or progress polling.
[[0;32m  OK  [0m] Started Load/Save Random Seed.
[[0;32m  OK  [0m] Started Create Static Device Nodes in /dev.
[[0;32m  OK  [0m] Started Apply Kernel Variables.
[[0;32m  OK  [0m] Started udev Coldplug all Devices.
         Starting udev Kernel Device Manager...
[[0;32m  OK  [0m] Reached target Local File Systems (Pre).
[[0;32m  OK  [0m] Reached target Local File Systems.
         Starting LSB: AppArmor initialization...
         Starting Set console font and keymap...
         Starting Tell Plymouth To Write Out Runtime Data...
         Starting Initial cloud-init job (pre-networking)...
         Starting Commit a transient machine-id on disk...
[[0;32m  OK  [0m] Started udev Kernel Device Manager.
[[0;32m  OK  [0m] Started Flush Journal to Persistent Storage.
[[0;32m  OK  [0m] Found device /dev/ttyS0.
[[0;32m  OK  [0m] Started Commit a transient machine-id on disk.
[[0;32m  OK  [0m] Started Tell Plymouth To Write Out Runtime Data.
[[0;32m  OK  [0m] Listening on Load/Save RF Kill Switch Status /dev/rfkill Watch.
         Starting Create Volatile Files and Directories...
[[0;32m  OK  [0m] Started Dispatch Password Requests to Console Directory Watch.
[[0;32m  OK  [0m] Started Create Volatile Files and Directories.
         Starting Update UTMP about System Boot/Shutdown...
[[0;32m  OK  [0m] Started Update UTMP about System Boot/Shutdown.
[[0;1;31mFAILED[0m] Failed to start Set console font and keymap.
See 'systemctl status console-setup.service' for details.
[[0;32m  OK  [0m] Created slice system-getty.slice.
[[0;32m  OK  [0m] Started LSB: AppArmor initialization.
[   26.184795] cloud-init[488]: Cloud-init v. 18.5-21-g8ee294d5-0ubuntu1~16.04.1 running 'init-local' at Thu, 21 Mar 2019 10:22:48 +0000. Up 25.80 seconds.
[[0;32m  OK  [0m] Started Initial cloud-init job (pre-networking).
[[0;32m  OK  [0m] Reached target Network (Pre).
         Starting Raise network interfaces...
[[0;32m  OK  [0m] Started Raise network interfaces.
         Starting Initial cloud-init job (metadata service crawler)...
[[0;32m  OK  [0m] Reached target Network.
[   28.645221] cloud-init[919]: Cloud-init v. 18.5-21-g8ee294d5-0ubuntu1~16.04.1 running 'init' at Thu, 21 Mar 2019 10:22:49 +0000. Up 27.35 seconds.
[   28.864947] [cloud-init[0;32m  OK  [0m[919]: ] ci-info: ++++++++++++++++++++++++++++++++++++++Net device info+++++++++++++++++++++++++++++++++++++++Started Initial cloud-init job (metadata service crawler).

[   28.867187] cloud-init[919]: ci-info: +--------+-------+----------------------------+---------------+--------+-------------------+
[   29.192698] [[0;32m  OK  [0m] Reached target System Initialization.
         Starting Socket activation for snappy daemon.
cloud-init[919]: ci-info: | Device |   Up  |          Address           |      Mask     | Scope  |     Hw-Address    |
[   29.525820] [[0;32m  OK  [0m] Started ACPI Events Check.
cloud-init[919]: ci-info: +--------+-------+----------------------------+---------------+--------+-------------------+
[   29.745113] [cloud-init[0;32m  OK  [0m[919]: ] ci-info: | enp0s3 |  True |         10.0.2.15          | 255.255.255.0 | global | 02:23:9c:1d:6d:2d |Reached target Paths.

[   29.747044] cloud-init[919]: ci-info: | enp0s3 |  True | fe80::23:9cff:fe1d:6d2d/64 |       .       |  link  | 02:23:9c:1d:6d:2d |
[   30.069448]          Starting LXD - unix socket.
[[0;32m  OK  [0m] Listening on D-Bus System Message Bus Socket.
cloud-init[919]: ci-info: | enp0s8 | False |             .              |       .       |   .    | 08:00:27:f7:0d:db |
[   30.113275] [[0;32m  OK  [0m] Started Daily apt download activities.
[[0;32m  OK  [0m] Listening on ACPID Listen Socket.
[[0;32m  OK  [0m] Started Daily apt upgrade and clean activities.
[[0;32m  OK  [0m] Started Daily Cleanup of Temporary Directories.
[[0;32m  OK  [0m] Reached target Timers.
[[0;32m  OK  [0m] Listening on UUID daemon activation socket.
cloud-init[919]: ci-info: |   lo   |  True |         127.0.0.1          |   255.0.0.0   |  host  |         .         |
[[0;32m  OK  [0m] Reached target Network is Online.
[   30.115206] cloud-init[919]: ci-info: |   lo   |  True |          ::1/128           |       .       |  host  |         .         |
[   30.736378]          cloud-initStarting iSCSI initiator daemon (iscsid)...[919]: 
ci-info: +--------+-------+----------------------------+---------------+--------+-------------------+
[   31.008908] [cloud-init[0;32m  OK  [0m[919]: ] ci-info: +++++++++++++++++++++++++++Route IPv4 info++++++++++++++++++++++++++++Reached target Cloud-config availability.

[   31.011259] [[0;32m  OK  [0m] Listening on Socket activation for snappy daemon.
cloud-init[919]: ci-info: +-------+-------------+----------+---------------+-----------+-------+
[   31.329898] [[0;32m  OK  [0m] Listening on LXD - unix socket.
cloud-init[919]: ci-info: | Route | Destination | Gateway  |    Genmask    | Interface | Flags |
[   31.423800] cloud-init[919]: ci-info: +-------+-------------+----------+---------------+-----------+-------+
[   31.433255] cloud-init[919]: ci-info: |   0   |   0.0.0.0   | 10.0.2.2 |    0.0.0.0    |   enp0s3  |   UG  |
[   31.433540] cloud-init[919]: ci-info: |   1   |   10.0.2.0  | 0.0.0.0  | 255.255.255.0 |   enp0s3  |   U   |
[   31.433842] cloud-init[919]: ci-info: +-------+-------------+----------+---------------+-----------+-------+
[   31.434093] cloud-init[919]: ci-info: +++++++++++++++++++Route IPv6 info+++++++++++++++++++
[   31.434366] cloud-init[919]: ci-info: +-------+-------------+---------+-----------+-------+
[   31.434638] cloud-init[919]: ci-info: | Route | Destination | Gateway | Interface | Flags |
[   31.434949] cloud-init[919]: ci-info: +-------+-------------+---------+-----------+-------+
[   31.435217] cloud-init[919]: ci-info: |   0   |  fe80::/64  |    ::   |   enp0s3  |   U   |
[   31.435816] cloud-init[919]: ci-info: |   3   |   ff00::/8  |    ::   |   enp0s3  |   U   |
[   31.436378] cloud-init[919]: ci-info: +-------+-------------+---------+-----------+-------+
[[0;32m  OK  [0m] Reached target Sockets.
[   31.436579] cloud-init[919]: Generating public/private rsa key pair.
[   32.172429] cloud-init[919]: Your identification has been saved in /etc/ssh/ssh_host_rsa_key.
[   32.172693] cloud-init[919]: Your public key has been saved in /etc/ssh/ssh_host_rsa_key.pub.
[   32.172939] cloud-init[919]: The key fingerprint is:
[   32.173206] cloud-init[919]: SHA256:kgMAm3J/aaXF7LlgAZgjAKLBVbSoBvUUqRJ0J5dCfoA root@ubuntu-xenial
[   32.173475] cloud-init[919]: The key's randomart image is:
[   32.173742] cloud-init[919]: +---[RSA 2048]----+
[   32.173975] cloud-init[919]: |@o*O*B.          |
[   32.174219] cloud-init[919]: |=E*=Bo.o         |
[   32.174496] cloud-init[919]: |*o.=+o. =        |
[[0;32m  OK  [0m] Reached target Basic System.
[   32.174792] cloud-init[919]: |+.o... O .       |
[   32.396903] cloud-init[919]: | +  . @ S        |
[   32.397220] cloud-init[919]: |.    + + .       |
[[0;32m  OK  [0m] Started Regular background program processing daemon.
[   32.397396] cloud-init[919]: |        .        |
[   32.688799] cloud-init[919]: |                 |
[   32.689078] cloud-init[919]: |                 |
[   32.689315] cloud-init[919]: +----[SHA256]-----+
[   32.689560] cloud-init[919]: Generating public/private dsa key pair.
[   32.689805] cloud-init[919]: Your identification has been saved in /etc/ssh/ssh_host_dsa_key.
[   32.690068] cloud-init[919]: Your public key has been saved in /etc/ssh/ssh_host_dsa_key.pub.
[   32.690316] cloud-init[919]: The key fingerprint is:
[   32.690582] cloud-init[919]: SHA256:QF/SfjMvMVoo9qpvlFFghzdyRB1BJAI++KLMVgXHmt0 root@ubuntu-xenial
[   32.690848] cloud-init[919]: The key's randomart image is:
[   32.691133] cloud-init[919]: +---[DSA 1024]----+
[   32.691380] cloud-init[919]: |    ..+.=**+=o   |
[   32.691663] cloud-init[919]: |     *.oo=*..    |
[   32.691948] cloud-init[919]: |    .+=..* o     |
[   32.692517] cloud-init[919]: |    oo.oE o B    |
[   32.692806] cloud-init[919]: |    o ..S= + *   |
[   32.693083] cloud-init[919]: | o o .  o o . .  |
[   32.694335] cloud-init[919]: |  =    . .   .   |
[   32.694567] cloud-init[919]: | .      o        |
[   32.694850] cloud-init[919]: |      .+.        |
[   32.695110] cloud-init[919]: +----[SHA256]-----+
[   32.695396] cloud-init[919]: Generating public/private ecdsa key pair.
[   32.695681] cloud-init[919]: Your identification has been saved in /etc/ssh/ssh_host_ecdsa_key.
[   32.695994] cloud-init[919]: Your public key has been saved in /etc/ssh/ssh_host_ecdsa_key.pub.
[   32.696551] cloud-init[919]: The key fingerprint is:
[   32.697140] cloud-init[919]: SHA256:IqUR1WGX/3E5nmBq03LtLsKvef+Ysd2LKacSrVhgwc0 root@ubuntu-xenial
         Starting Accounts Service...
[   32.697392] cloud-init[919]: The key's randomart image is:
[   32.959460] cloud-init[919]: +---[ECDSA 256]---+
[   32.959736] cloud-init[919]: |    ..o.=...     |
[   32.960475] cloud-init[919]: |     . +.E.      |
[   32.960718] cloud-init[919]: |    . . .  .    .|
[   32.960986] cloud-init[919]: |     + o    .o.o.|
[   32.961236] cloud-init[919]: |    o o S . +.+oo|
[   32.961499] cloud-init[919]: |     . . o * o.+ |
[   32.961773] cloud-init[919]: |        o = + o  |
[   32.962034] cloud-init[919]: |       . o +.+oB.|
[   32.962298] cloud-init[919]: |          .+O+B+*|
[   32.962544] cloud-init[919]: +----[SHA256]-----+
[   32.962806] cloud-init[919]: Generating public/private ed25519 key pair.
[   32.963064] cloud-init[919]: Your identification has been saved in /etc/ssh/ssh_host_ed25519_key.
[   32.963324] cloud-init[919]: Your public key has been saved in /etc/ssh/ssh_host_ed25519_key.pub.
[   32.963560] cloud-init[919]: The key fingerprint is:
[   32.963864] cloud-init[919]: SHA256:xuDYl2zapMcitK5FKjInjZc4naUhfOcpbd6VGBQW9s8 root@ubuntu-xenial
[   32.964472] cloud-init[919]: The key's randomart image is:
[   32.964754] cloud-init[919]: +--[ED25519 256]--+
[   32.965002] cloud-init[919]: |       =.        |
[   32.965235] cloud-init[919]: |      o o        |
[   32.965792] cloud-init[919]: |      .. .       |
[   32.965970] cloud-init[919]: |.    +.+ .o      |
[   32.966213] cloud-init[919]: |....=.o.S  E     |
[   32.966511] cloud-init[919]: | *.X+..Xo .      |
[[0;32m  OK  [0m] Started Unattended Upgrades Shutdown.
[   32.966540] cloud-init[919]: |O X.+=+.+o       |
[   33.213846] cloud-init[919]: |.B o+..o.        |
[   33.215456] cloud-init[919]: |  .... .         |
[   33.216734] cloud-init[919]: +----[SHA256]-----+
[[0;32m  OK  [0m] Started Deferred execution scheduler.
[[0;32m  OK  [0m] Started FUSE filesystem for LXC.
         Starting /etc/rc.local Compatibility...
         Starting System Logging Service...
         Starting LXD - container startup/shutdown...
         Starting LSB: Record successful boot for GRUB...
[[0;32m  OK  [0m] Started ACPI event daemon.
         Starting Login Service...
[[0;32m  OK  [0m] Started D-Bus System Message Bus.
         Starting Virtualbox guest utils...
         Starting Pollinate to seed the pseudo random number generator...
         Starting LSB: MD monitoring daemon...
         Starting Snappy daemon...
[[0;32m  OK  [0m] Started System Logging Service.
[[0;32m  OK  [0m] Started iSCSI initiator daemon (iscsid).
[[0;32m  OK  [0m] Started /etc/rc.local Compatibility.
         Starting Login to default iSCSI targets...
[[0;32m  OK  [0m] Started Login Service.
[[0;32m  OK  [0m] Started LSB: Record successful boot for GRUB.
[[0;32m  OK  [0m] Started LSB: MD monitoring daemon.
         Starting Authenticate and Authorize Users to Run Privileged Tasks...
[[0;32m  OK  [0m] Started Login to default iSCSI targets.
[[0;32m  OK  [0m] Reached target Remote File Systems (Pre).
[[0;32m  OK  [0m] Reached target Remote File Systems.
         Starting LSB: automatic crash report generation...
         Starting LSB: Set the CPU Frequency Scaling governor to "ondemand"...
         Starting Permit User Sessions...
         Starting LSB: daemon to balance interrupts for SMP systems...
[[0;32m  OK  [0m] Started LSB: Set the CPU Frequency Scaling governor to "ondemand".
[[0;32m  OK  [0m] Started Permit User Sessions.
[[0;32m  OK  [0m] Started Authenticate and Authorize Users to Run Privileged Tasks.
[[0;32m  OK  [0m] Started Accounts Service.
         Starting Terminate Plymouth Boot Screen...
         Starting Hold until boot process finishes up...
[[0;32m  OK  [0m] Started Terminate Plymouth Boot Screen.
[[0;32m  OK  [0m] Started Hold until boot process finishes up.
[[0;32m  OK  [0m] Started Serial Getty on ttyS0.
[[0;32m  OK  [0m] Started Getty on tty1.
[[0;32m  OK  [0m] Reached target Login Prompts.
         Starting Set console scheme...
[[0;32m  OK  [0m] Started LXD - container startup/shutdown.
[[0;32m  OK  [0m] Started Virtualbox guest utils.
[[0;32m  OK  [0m] Started LSB: automatic crash report generation.
[[0;32m  OK  [0m] Started LSB: daemon to balance interrupts for SMP systems.
[[0;32m  OK  [0m] Started Set console scheme.
[[0;32m  OK  [0m] Started Snappy daemon.
         Starting Wait until snapd is fully seeded...
[[0;32m  OK  [0m] Started Pollinate to seed the pseudo random number generator.
         Starting OpenBSD Secure Shell server...
[[0;32m  OK  [0m] Started OpenBSD Secure Shell server.
[[0;32m  OK  [0m] Created slice User Slice of vagrant.
         Starting User Manager for UID 1000...
[[0;32m  OK  [0m] Started Session 1 of user vagrant.
[[0;32m  OK  [0m] Started User Manager for UID 1000.

Ubuntu 16.04.6 LTS ubuntu-xenial ttyS0

ubuntu-xenial login: [   43.614764] cloud-init[1515]: Generating locales (this might take a while)...
[   44.626625] cloud-init[1515]:   en_US.UTF-8... done
[   44.627306] cloud-init[1515]: Generation complete.
[   45.418969] cloud-init[1515]: Cloud-init v. 18.5-21-g8ee294d5-0ubuntu1~16.04.1 running 'modules:config' at Thu, 21 Mar 2019 10:23:05 +0000. Up 43.39 seconds.
ci-info: no authorized ssh keys fingerprints found for user ubuntu.
<14>Mar 21 10:23:08 ec2: 
<14>Mar 21 10:23:08 ec2: #############################################################
<14>Mar 21 10:23:08 ec2: -----BEGIN SSH HOST KEY FINGERPRINTS-----
<14>Mar 21 10:23:08 ec2: 1024 SHA256:QF/SfjMvMVoo9qpvlFFghzdyRB1BJAI++KLMVgXHmt0 root@ubuntu-xenial (DSA)
<14>Mar 21 10:23:08 ec2: 256 SHA256:IqUR1WGX/3E5nmBq03LtLsKvef+Ysd2LKacSrVhgwc0 root@ubuntu-xenial (ECDSA)
<14>Mar 21 10:23:08 ec2: 256 SHA256:xuDYl2zapMcitK5FKjInjZc4naUhfOcpbd6VGBQW9s8 root@ubuntu-xenial (ED25519)
<14>Mar 21 10:23:08 ec2: 2048 SHA256:kgMAm3J/aaXF7LlgAZgjAKLBVbSoBvUUqRJ0J5dCfoA root@ubuntu-xenial (RSA)
<14>Mar 21 10:23:08 ec2: -----END SSH HOST KEY FINGERPRINTS-----
<14>Mar 21 10:23:08 ec2: #############################################################
-----BEGIN SSH HOST KEY KEYS-----
ecdsa-sha2-nistp256 AAAAE2VjZHNhLXNoYTItbmlzdHAyNTYAAAAIbmlzdHAyNTYAAABBBPPdmBjt1hz7vva5udtXH/dsptSvOAON0dvblHdyKGzOX61d6NzkvNq+KoCN7UFWpI9YuL+zu5mOtNEps8/beqw= root@ubuntu-xenial
ssh-ed25519 AAAAC3NzaC1lZDI1NTE5AAAAIEtwNH981vHpmgtFXLujUYSa9Y9fKU7gYCl4TAE9fs6w root@ubuntu-xenial
ssh-rsa AAAAB3NzaC1yc2EAAAADAQABAAABAQDZrUuQLXOuFO1Q6tGuJdnhe114CXMgn7Mz3gaMhQfVAwfIPfne7wtbY9TrBlA6oqlJzNidacBFFHpiaMPV7X6R+df2/gRGIxDuLpMiKmGzpVr2K0cLRyf5EEFbILPReTA4twaOauoc0WEGaPq+ybKrhm7ysVSE7YU5krtJwqoRYnhdLbDFVJvcVVp+OfmRRrh3GOiry/gGsJJb1wLMpsLT2heKWwX6Dk0Ge0U6Ti0NLOQHW1yAgTV/q9p+cIj5le7UyuCCq9dr7EJkd4qM30bT87gIToMFWlymbDS5EnJACisIGP/hpVikBfOB4C4t2/fi496EA47Fu8gobmyNOFIP root@ubuntu-xenial
-----END SSH HOST KEY KEYS-----
[   45.945287] cloud-init[1753]: Cloud-init v. 18.5-21-g8ee294d5-0ubuntu1~16.04.1 running 'modules:final' at Thu, 21 Mar 2019 10:23:08 +0000. Up 45.78 seconds.
[   45.945712] cloud-init[1753]: ci-info: no authorized ssh keys fingerprints found for user ubuntu.
[   45.945807] cloud-init[1753]: Cloud-init v. 18.5-21-g8ee294d5-0ubuntu1~16.04.1 finished at Thu, 21 Mar 2019 10:23:08 +0000. Datasource DataSourceNoCloud [seed=/dev/sdb][dsmode=net].  Up 45.93 seconds
